To honour the JVM settings for this build a single-use Daemon process will be forked. For more on this, please refer to https://docs.gradle.org/9.5.1/userguide/gradle_daemon.html#sec:disabling_the_daemon in the Gradle documentation.
Daemon will be stopped at the end of the build 
> Task :shared:loadKtlintReporters UP-TO-DATE
> Task :shared:runKtlintFormatOverKotlinScripts UP-TO-DATE
> Task :shared:runKtlintFormatOverCommonMainSourceSet UP-TO-DATE
> Task :shared:ktlintCommonMainSourceSetFormat UP-TO-DATE
> Task :shared:runKtlintFormatOverCommonTestSourceSet UP-TO-DATE
> Task :shared:ktlintCommonTestSourceSetFormat UP-TO-DATE
> Task :shared:runKtlintFormatOverJvmMainSourceSet UP-TO-DATE
> Task :shared:ktlintJvmMainSourceSetFormat UP-TO-DATE
> Task :shared:ktlintKotlinScriptFormat UP-TO-DATE
> Task :shared:runKtlintFormatOverJvmTestSourceSet
> Task :shared:ktlintJvmTestSourceSetFormat
> Task :shared:ktlintFormat

BUILD SUCCESSFUL in 11s
11 actionable tasks: 2 executed, 9 up-to-date
Consider enabling configuration cache to speed up this build: https://docs.gradle.org/9.5.1/userguide/configuration_cache_enabling.html
To honour the JVM settings for this build a single-use Daemon process will be forked. For more on this, please refer to https://docs.gradle.org/9.5.1/userguide/gradle_daemon.html#sec:disabling_the_daemon in the Gradle documentation.
Daemon will be stopped at the end of the build 
> Task :api:kmpPartiallyResolvedDependenciesChecker
> Task :api:checkKotlinGradlePluginConfigurationErrors SKIPPED
> Task :shared:loadKtlintReporters UP-TO-DATE
> Task :shared:runKtlintCheckOverCommonMainSourceSet UP-TO-DATE
> Task :api:compileKotlinJvm UP-TO-DATE
> Task :shared:ktlintCommonMainSourceSetCheck UP-TO-DATE
> Task :api:compileJvmMainJava NO-SOURCE
> Task :api:jvmProcessResources NO-SOURCE
> Task :api:processJvmMainResources SKIPPED
> Task :api:jvmMainClasses UP-TO-DATE
> Task :shared:runKtlintCheckOverCommonTestSourceSet UP-TO-DATE
> Task :shared:ktlintCommonTestSourceSetCheck UP-TO-DATE
> Task :api:jvmJar UP-TO-DATE
> Task :shared:runKtlintCheckOverJvmMainSourceSet UP-TO-DATE
> Task :shared:ktlintJvmMainSourceSetCheck UP-TO-DATE
> Task :shared:runKtlintCheckOverKotlinScripts UP-TO-DATE
> Task :shared:ktlintKotlinScriptCheck UP-TO-DATE
> Task :shared:kmpPartiallyResolvedDependenciesChecker
> Task :shared:checkKotlinGradlePluginConfigurationErrors SKIPPED
> Task :shared:compileKotlinJvm UP-TO-DATE
> Task :shared:compileJvmMainJava NO-SOURCE
> Task :shared:buildSandboxNative UP-TO-DATE
> Task :shared:syncSandboxNative UP-TO-DATE
> Task :shared:jvmProcessResources UP-TO-DATE
> Task :shared:processJvmMainResources SKIPPED
> Task :shared:jvmMainClasses UP-TO-DATE
> Task :shared:jvmJar UP-TO-DATE
> Task :shared:runKtlintCheckOverJvmTestSourceSet
> Task :shared:ktlintJvmTestSourceSetCheck UP-TO-DATE
> Task :shared:ktlintCheck UP-TO-DATE
> Task :shared:compileTestKotlinJvm

BUILD SUCCESSFUL in 17s
21 actionable tasks: 4 executed, 17 up-to-date
Consider enabling configuration cache to speed up this build: https://docs.gradle.org/9.5.1/userguide/configuration_cache_enabling.html
