> Task :api:kmpPartiallyResolvedDependenciesChecker
> Task :api:checkKotlinGradlePluginConfigurationErrors SKIPPED
> Task :api:compileKotlinJvm UP-TO-DATE
> Task :api:compileJvmMainJava NO-SOURCE
> Task :api:jvmProcessResources NO-SOURCE
> Task :api:processJvmMainResources SKIPPED
> Task :api:jvmMainClasses UP-TO-DATE
> Task :api:jvmJar UP-TO-DATE
> Task :harness-kotlin:loadKtlintReporters UP-TO-DATE
> Task :shared:loadKtlintReporters UP-TO-DATE
> Task :harness-kotlin:runKtlintCheckOverKotlinScripts UP-TO-DATE
> Task :shared:runKtlintCheckOverCommonMainSourceSet UP-TO-DATE
> Task :harness-kotlin:ktlintKotlinScriptCheck UP-TO-DATE
> Task :shared:ktlintCommonMainSourceSetCheck UP-TO-DATE
> Task :shared:runKtlintCheckOverCommonTestSourceSet UP-TO-DATE
> Task :shared:ktlintCommonTestSourceSetCheck UP-TO-DATE
> Task :harness-kotlin:runKtlintCheckOverTestSourceSet NO-SOURCE
> Task :harness-kotlin:ktlintTestSourceSetCheck SKIPPED
> Task :shared:kmpPartiallyResolvedDependenciesChecker
> Task :shared:checkKotlinGradlePluginConfigurationErrors SKIPPED
> Task :shared:buildSandboxNative UP-TO-DATE
> Task :shared:syncSandboxNative UP-TO-DATE
> Task :shared:jvmProcessResources UP-TO-DATE
> Task :shared:processJvmMainResources SKIPPED
> Task :shared:jvmTestProcessResources NO-SOURCE
> Task :shared:processJvmTestResources SKIPPED
> Task :harness-kotlin:runKtlintCheckOverMainSourceSet
> Task :harness-kotlin:ktlintMainSourceSetCheck UP-TO-DATE
> Task :harness-kotlin:ktlintCheck UP-TO-DATE
> Task :shared:runKtlintCheckOverKotlinScripts
> Task :shared:ktlintKotlinScriptCheck UP-TO-DATE
> Task :shared:compileKotlinJvm
> Task :shared:compileJvmMainJava NO-SOURCE
> Task :shared:jvmMainClasses
> Task :shared:runKtlintCheckOverJvmTestSourceSet
> Task :shared:jvmJar
> Task :shared:ktlintJvmTestSourceSetCheck
> Task :shared:runKtlintCheckOverJvmMainSourceSet
> Task :shared:ktlintJvmMainSourceSetCheck
> Task :shared:ktlintCheck
> Task :shared:compileTestKotlinJvm
> Task :shared:compileJvmTestJava NO-SOURCE
> Task :shared:jvmTestClasses
> Task :shared:jvmTest

BUILD SUCCESSFUL in 15s
27 actionable tasks: 12 executed, 15 up-to-date
Consider enabling configuration cache to speed up this build: https://docs.gradle.org/9.5.1/userguide/configuration_cache_enabling.html
