To honour the JVM settings for this build a single-use Daemon process will be forked. For more on this, please refer to https://docs.gradle.org/9.5.1/userguide/gradle_daemon.html#sec:disabling_the_daemon in the Gradle documentation.
Daemon will be stopped at the end of the build 
> Task :shared:kmpPartiallyResolvedDependenciesChecker
> Task :api:kmpPartiallyResolvedDependenciesChecker
> Task :shared:checkKotlinGradlePluginConfigurationErrors SKIPPED
> Task :api:checkKotlinGradlePluginConfigurationErrors SKIPPED
> Task :shared:buildSandboxNative UP-TO-DATE
> Task :shared:syncSandboxNative UP-TO-DATE
> Task :shared:jvmProcessResources UP-TO-DATE
> Task :shared:processJvmMainResources SKIPPED
> Task :shared:jvmTestProcessResources NO-SOURCE
> Task :shared:processJvmTestResources SKIPPED
> Task :api:compileKotlinJvm UP-TO-DATE
> Task :api:compileJvmMainJava NO-SOURCE
> Task :api:jvmProcessResources NO-SOURCE
> Task :api:processJvmMainResources SKIPPED
> Task :api:jvmMainClasses UP-TO-DATE
> Task :api:jvmJar UP-TO-DATE
> Task :shared:compileKotlinJvm UP-TO-DATE
> Task :shared:compileJvmMainJava NO-SOURCE
> Task :shared:jvmMainClasses UP-TO-DATE
> Task :shared:jvmJar UP-TO-DATE
> Task :shared:compileTestKotlinJvm
> Task :shared:compileJvmTestJava NO-SOURCE
> Task :shared:jvmTestClasses
> Task :shared:harnessLiveTest

HarnessDecisionLiveTest > compare free mutation against original and fixed processor FAILED
    java.lang.IllegalStateException at HarnessDecisionLiveTest.kt:30

1 test completed, 1 failed

> Task :shared:harnessLiveTest FAILED

FAILURE: Build failed with an exception.

* What went wrong:
Execution failed for task ':shared:harnessLiveTest'.
> There were failing tests. See the report at: file:///E:/workspace/perso/projectRandD/promethe/shared/build/reports/tests/harnessLiveTest/index.html

* Try:
> Run with --scan to get full insights from a Build Scan (powered by Develocity).

BUILD FAILED in 3m 30s
11 actionable tasks: 4 executed, 7 up-to-date
